[backblue.gif]
[fade.gif]
[index.html]
[localhost_8080/cramy/comments/feed/index.html]
[localhost_8080/cramy/feed/index.html]
[localhost_8080/cramy/wp-content/uploads/2020/04/Nutri-Fit-logo.png]
[localhost_8080/cramy/wp-includes/js/jquery/jquery.minf43b.js]
[localhost_8080/cramy/wp-includes/js/jquery/jquery-migrate.min5589.js]
[localhost_8080/cramy/wp-content/plugins/woocommerce/assets/js/jquery-blockui/jquery.blockUI.mine58f.js]
[localhost_8080/cramy/wp-content/plugins/woocommerce/assets/js/frontend/add-to-cart.min9662.js]
[localhost_8080/cramy/wp-content/plugins/woocommerce/assets/js/js-cookie/js.cookie.min1e55.js]
[localhost_8080/cramy/wp-content/plugins/woocommerce/assets/js/frontend/woocommerce.min9662.js]
[localhost_8080/cramy/wp-content/plugins/elementor/assets/lib/font-awesome/js/v4-shims.min8864.js]
[localhost_8080/cramy/wp-content/themes/jupiterx/lib/admin/assets/lib/webfont/webfont.min8a33.js]
[localhost_8080/cramy/wp-content/themes/jupiterx/lib/assets/dist/js/utils.min55a0.js]
[localhost_8080/cramy/xmlrpc0db0.php]
[localhost_8080/cramy/wp-json/oembed/1.0/embed764c]
[localhost_8080/cramy/wp-json/wp/v2/pages/8.json]
[localhost_8080/cramy/wp-json/oembed/1.0/embed1b90.json]
[localhost_8080/cramy/wp-content/themes/jupiterx/lib/favicon.ico]
[localhost_8080/cramy/wp-json/index.html]
[localhost_8080/cramy/wp-content/uploads/2023/12/a014dd31-5d03-4149-b544-5b1541358075d-1024x749.jpg]
[localhost_8080/cramy/wp-content/uploads/2023/12/7dc74beedad.jpg]
[localhost_8080/cramy/wp-content/uploads/2023/11/328c72753bd-300x200.jpg]
[localhost_8080/cramy/wp-content/uploads/2023/11/71b4319f3f-768x474.jpg]
[localhost_8080/cramy/wp-content/uploads/elementor/thumbs/IMG-20231115-WA0055-qgm8s8el2qvruwzzgw43h318y88x28iqga4r9hv7n4.jpg]
[localhost_8080/cramy/wp-content/uploads/elementor/thumbs/IMG-20231115-WA0065-qgm8sezgel4s46qfegyhgjdh3xchk48ut6p5mflgfk.jpg]
[localhost_8080/cramy/wp-content/uploads/elementor/thumbs/IMG_20231118_214212-qgm8siqt5x9xemkysikzqifbhgtyewns5pb3jjfvqo.jpg]
[localhost_8080/cramy/wp-content/uploads/elementor/thumbs/IMG-20231115-WA0072-qgm8slkbqfdsdggvc1svfzpp9mg21zyz639jzdbp80.jpg]
[localhost_8080/cramy/wp-content/uploads/elementor/thumbs/IMG-20231115-WA0052-qgm8soduaxhncacrvl0r5h031s25p3a66h80f77ipc.jpg]
[localhost_8080/cramy/wp-content/uploads/elementor/thumbs/IMG-20231115-WA0051-qgm8su0vfxpd9y4kyngikfkum3acz9wk794xauz5o0.jpg]
[localhost_8080/cramy/wp-content/uploads/elementor/thumbs/IMG-20231115-WA0064-qgm8sznwkxx37lwe1pw9ze5m6eik9giy811u6iqsmo.jpg]
[localhost_8080/cramy/wp-content/uploads/elementor/thumbs/IMG-20231115-WA0062-qgm8t3f9ca28i1qxfris9d7gjy0148xvkjns3ml7xs.jpg]
[localhost_8080/cramy/wp-content/uploads/elementor/thumbs/IMG-20231115-WA0068-qgm8t76m3m7dshlgtt5ajc9axhhhz1csx29q0qfn8w.jpg]
[localhost_8080/cramy/wp-content/uploads/elementor/thumbs/IMG-20231115-WA0054-qgm8tdrhfgge1rbwrdzoislj36l2gx2x9yu4do5w1c.jpg]
[localhost_8080/cramy/wp-content/uploads/elementor/thumbs/IMG_20231118_213449-qgm8tkccrapeb12coyu2i8xr8vomyst1mveiqlw4ts.jpg]
[localhost_8080/cramy/wp-content/uploads/2023/12/ecd39113d2f9ee0c10e548305988863a_icon.jpg]
[localhost_8080/cramy/wp-content/uploads/2023/12/فودافون-كاش-وكل-ما-تود-معرفته-عن-Vodafone-Cash-768x768.webp]
[localhost_8080/cramy/wp-content/uploads/2023/12/western-union-new-20232644.logowik.com_-768x576.webp]
[localhost_8080/cramy/wp-content/uploads/2023/11/eda4acb405d.jpg]
[localhost_8080/cramy/wp-content/uploads/2023/12/76cd5819689161.562dea09ada05.png]
[localhost_8080/cramy/wp-content/uploads/2023/11/cc211cf035d.jpg]
[localhost_8080/cramy/wp-content/uploads/2023/12/1200x600wa-1024x512.png]
[localhost_8080/cramy/wp-content/uploads/2023/11/429cc8312fd.jpg]
[localhost_8080/cramy/wp-content/uploads/2020/04/customers-02.jpg]
[localhost_8080/cramy/wp-content/themes/jupiterx-child/assets/js/script1e39.js]
[localhost_8080/cramy/wp-content/plugins/chaty/js/cht-front-script.min32d7.js]
[localhost_8080/cramy/wp-includes/js/wp-util.min1e39.js]
[localhost_8080/cramy/wp-content/uploads/2020/04/customers-06.jpg]
[localhost_8080/cramy/wp-content/uploads/2020/04/customers-08.jpg]
[localhost_8080/cramy/wp-content/uploads/2020/04/customers-04.jpg]
[localhost_8080/cramy/wp-content/uploads/2020/04/customers-05.jpg]
[localhost_8080/cramy/wp-content/uploads/2020/04/customers-01.jpg]
[jupiterx.artbees.net/nutrition-coach/wp-content/uploads/sites/406/2020/04/testimonial-avatar-01.jpg]
[localhost_8080/cramy/wp-content/uploads/2020/04/home-bg-11.jpg]
[localhost_8080/cramy/wp-includes/js/underscore.mind584.js]
[localhost_8080/cramy/wp-content/plugins/sellkit-pro/assets/dist/js/frontend-init.min4735.js]
[localhost_8080/cramy/wp-content/plugins/jupiterx-core/includes/woocommerce/wc-quick-view55a0.js]
[localhost_8080/cramy/wp-content/themes/jupiterx/lib/assets/dist/js/frontend.min55a0.js]
[localhost_8080/cramy/wp-content/plugins/sellkit-pro/assets/dist/js/swatches-frontend.min4735.js]
[localhost_8080/cramy/wp-content/plugins/jupiterx-core/includes/extensions/raven/assets/lib/smartmenus/jquery.smartmenus.minf488.js]
[localhost_8080/cramy/wp-content/plugins/jupiterx-core/includes/extensions/raven/assets/lib/url-polyfill/url-polyfill.min5a2c.js]
[localhost_8080/cramy/wp-content/plugins/jupiterx-core/includes/extensions/raven/assets/lib/parallax-scroll/jquery.parallax-scroll.min8a54.js]
[localhost_8080/cramy/wp-includes/js/imagesloaded.minbb93.js]
[localhost_8080/cramy/wp-content/plugins/jet-engine/assets/lib/slick/slick.minc245.js]
[localhost_8080/cramy/wp-content/plugins/jet-engine/assets/lib/jet-plugins/jet-pluginsf488.js]
[localhost_8080/cramy/wp-content/plugins/jupiterx-core/includes/extensions/raven/assets/js/frontend.min1e39.js]
[localhost_8080/cramy/wp-content/plugins/jet-engine/assets/js/frontendc169.js]
[localhost_8080/cramy/wp-content/plugins/jet-elements/assets/js/lib/slick/slick.minc245.js]
[localhost_8080/cramy/wp-content/plugins/elementor-pro/assets/js/webpack-pro.runtime.mine7ad.js]
[localhost_8080/cramy/wp-content/plugins/elementor/assets/js/webpack.runtime.min8864.js]
[localhost_8080/cramy/wp-content/plugins/elementor/assets/js/frontend-modules.min8864.js]
[localhost_8080/cramy/index.html]
[localhost_8080/cramy/wp-includes/js/dist/vendor/wp-polyfill-inert.min0226.js]
[localhost_8080/cramy/wp-includes/js/dist/vendor/regenerator-runtime.min6c85.js]
[localhost_8080/cramy/wp-includes/js/dist/vendor/wp-polyfill.min2c7c.js]
[localhost_8080/cramy/wp-includes/js/dist/hooks.min2ebd.js]
[localhost_8080/cramy/wp-includes/js/dist/i18n.minf92f.js]
[localhost_8080/cramy/wp-content/plugins/elementor-pro/assets/js/frontend.mine7ad.js]
[localhost_8080/cramy/wp-content/plugins/elementor/assets/lib/waypoints/waypoints.min05da.js]
[localhost_8080/cramy/wp-includes/js/jquery/ui/core.min3f14.js]
[localhost_8080/cramy/wp-content/plugins/elementor/assets/js/frontend.min8864.js]
[localhost_8080/cramy/wp-content/plugins/elementor-pro/assets/js/elements-handlers.mine7ad.js]
[localhost_8080/cramy/wp-content/plugins/jet-elements/assets/js/jet-elements.min7752.js]
[localhost_8080/cramy/wp-content/plugins/woocommerce/assets/js/frontend/country-select.min9662.js]
[jupiterx.artbees.net/nutrition-coach/wp-content/uploads/sites/406/2020/04/team-04.jpg]
[localhost_8080/cramy/wp-content/plugins/woocommerce/assets/js/frontend/address-i18n.min9662.js]
[localhost_8080/cramy/wp-content/plugins/woocommerce/assets/js/frontend/checkout.min9662.js]
[localhost_8080/cramy/wp-content/plugins/sellkit-pro/assets/dist/js/elementor-init.min4735.js]
[localhost_8080/cramy/wp-content/plugins/sellkit/assets/dist/js/elementor-init.min97e9.js]
[localhost_8080/cramy/wp-content/plugins/elementor/assets/lib/flatpickr/flatpickr.mineda1.js]
[jupiterx.artbees.net/nutrition-coach/wp-content/uploads/sites/406/2020/04/team-03.jpg]
[localhost_8080/cramy/ar/feed/index.html]
[localhost_8080/cramy/ar/comments/feed/index.html]
[localhost_8080/cramy/wp-json/wp/v2/pages/1367.json]
[localhost_8080/cramy/wp-json/oembed/1.0/embed7988.json]
[localhost_8080/cramy/wp-json/oembed/1.0/embedb32c]
[localhost_8080/cramy/ar/الصفحة-الرئيسية/index.html]
[localhost_8080/cramy/wp-content/themes/jupiterx-child/assets/css/style1e39.css]
[localhost_8080/cramy/wp-content/plugins/jet-engine/assets/css/frontendc169.css]
[localhost_8080/cramy/wp-content/plugins/chaty/images/whatsapp.png]
[localhost_8080/cramy/wp-content/plugins/chaty/images/header-top.png]
[localhost_8080/cramy/wp-content/plugins/chaty/css/chaty-front.min32d7.css]
[localhost_8080/cramy/wp-content/plugins/chaty/images/header-bottom.png]
[localhost_8080/cramy/wp-content/plugins/woocommerce/assets/css/woocommerce-layout9662.css]
[localhost_8080/cramy/wp-content/plugins/woocommerce/assets/css/woocommerce-smallscreen9662.css]
[localhost_8080/cramy/wp-content/plugins/woocommerce/assets/css/woocommerce9662.css]
[localhost_8080/cramy/wp-content/plugins/header-footer-elementor/assets/css/header-footer-elementor378f.css]
[localhost_8080/cramy/wp-content/plugins/woocommerce/assets/fonts/stard41d.eot]
[localhost_8080/cramy/wp-content/plugins/woocommerce/assets/fonts/star.woff]
[localhost_8080/cramy/wp-content/plugins/woocommerce/assets/fonts/star.eot]
[localhost_8080/cramy/wp-content/plugins/jet-elements/assets/css/jet-elements7752.css]
[localhost_8080/cramy/wp-content/plugins/woocommerce/assets/fonts/star.ttf]
[localhost_8080/cramy/wp-content/plugins/jet-elements/assets/css/jet-elements-skin7752.css]
[localhost_8080/cramy/wp-content/plugins/woocommerce/assets/fonts/WooCommerce.eot]
[localhost_8080/cramy/wp-content/plugins/woocommerce/assets/fonts/WooCommerced41d.eot]
[localhost_8080/cramy/wp-content/plugins/elementor/assets/lib/eicons/css/elementor-icons.min192d.css]
[localhost_8080/cramy/wp-content/plugins/elementor/assets/css/frontend-lite.min8864.css]
[localhost_8080/cramy/wp-content/plugins/woocommerce/assets/fonts/WooCommerce.woff]
[localhost_8080/cramy/wp-content/plugins/woocommerce/assets/fonts/WooCommerce.ttf]
[localhost_8080/cramy/wp-content/plugins/elementor/assets/lib/swiper/v8/css/swiper.min94a4.css]
[localhost_8080/cramy/wp-content/plugins/elementor/assets/lib/font-awesome/css/font-awesome.min1849.css]
[localhost_8080/cramy/wp-content/plugins/jupiterx-core/includes/extensions/raven/assets/css/frontend.min1e39.css]
[localhost_8080/cramy/wp-content/uploads/elementor/css/post-37511.css]
[localhost_8080/cramy/wp-content/plugins/elementor-pro/assets/css/frontend-lite.mine7ad.css]
[localhost_8080/cramy/wp-content/plugins/sellkit-pro/assets/dist/css/frontend.min4735.css]
[localhost_8080/cramy/wp-content/plugins/sellkit/assets/dist/css/frontend.min97e9.css]
[localhost_8080/cramy/wp-content/plugins/jet-elements/assets/images/dummy-map.png]
[localhost_8080/cramy/wp-content/plugins/elementor/assets/lib/eicons/fonts/eicons9506.eot]
[localhost_8080/cramy/wp-content/plugins/elementor/assets/lib/eicons/fonts/eicons9506.woff2]
[localhost_8080/cramy/wp-content/plugins/elementor/assets/lib/flatpickr/flatpickr.mineda1.css]
[localhost_8080/cramy/wp-content/plugins/elementor/assets/lib/eicons/fonts/eicons9506.woff]
[localhost_8080/cramy/wp-content/plugins/elementor/assets/lib/eicons/fonts/eicons9506.ttf]
[localhost_8080/cramy/wp-content/plugins/elementor/assets/lib/font-awesome/fonts/fontawesome-webfont3e6e.eot]
[localhost_8080/cramy/wp-content/plugins/elementor/assets/lib/font-awesome/fonts/fontawesome-webfontd41d.eot]
[localhost_8080/cramy/wp-content/plugins/elementor/assets/lib/font-awesome/fonts/fontawesome-webfont3e6e.woff2]
[localhost_8080/cramy/wp-content/uploads/2024/01/Untitled-1d.png]
[localhost_8080/cramy/wp-content/plugins/elementor/assets/lib/font-awesome/fonts/fontawesome-webfont3e6e.woff]
[localhost_8080/cramy/wp-content/uploads/2023/12/f9a91dc733d.jpg]
[localhost_8080/cramy/wp-content/plugins/elementor/assets/lib/font-awesome/fonts/fontawesome-webfont3e6e.ttf]
[localhost_8080/cramy/wp-content/plugins/jupiterx-core/includes/extensions/raven/assets/img/iti-tel-input/flags.png]
[localhost_8080/cramy/wp-content/plugins/jupiterx-core/includes/extensions/raven/assets/img/iti-tel-input/flags@2x.png]
[localhost_8080/cramy/wp-content/uploads/2020/04/home-bg-02.png]
[localhost_8080/cramy/wp-content/uploads/2020/04/home-bg-03.png]
[localhost_8080/cramy/wp-content/uploads/elementor/css/post-8744f.css]
[localhost_8080/cramy/wp-content/uploads/elementor/css/post-2563be2.css]
[localhost_8080/cramy/wp-content/plugins/header-footer-elementor/inc/widgets-css/frontend378f.css]
[localhost_8080/cramy/wp-content/plugins/elementor/assets/lib/font-awesome/css/all.min8864.css]
[localhost_8080/cramy/wp-content/plugins/elementor/assets/lib/font-awesome/webfonts/fa-brands-400.eot]
[localhost_8080/cramy/wp-content/plugins/elementor/assets/lib/font-awesome/webfonts/fa-brands-400d41d.eot]
[localhost_8080/cramy/wp-content/plugins/elementor/assets/lib/font-awesome/css/v4-shims.min8864.css]
[localhost_8080/cramy/wp-content/plugins/elementor/assets/lib/font-awesome/webfonts/fa-brands-400.woff2]
[localhost_8080/cramy/wp-content/plugins/elementor/assets/lib/font-awesome/webfonts/fa-brands-400.woff]
[localhost_8080/cramy/wp-content/plugins/jupiterx-core/includes/extensions/raven/assets/lib/animate/animate.min55a0.css]
[localhost_8080/cramy/wp-content/plugins/elementor/assets/lib/font-awesome/webfonts/fa-brands-400.ttf]
[localhost_8080/cramy/wp-content/uploads/jupiterx/compiler/jupiterx/3731ed755a0.css]
[localhost_8080/cramy/wp-content/plugins/elementor/assets/lib/font-awesome/webfonts/fa-regular-400.eot]
[localhost_8080/cramy/wp-content/uploads/jupiterx/compiler/jupiterx-elements-dynamic-styles/36fb89b55a0.css]
[localhost_8080/cramy/wp-content/plugins/elementor/assets/lib/font-awesome/webfonts/fa-regular-400d41d.eot]
[localhost_8080/cramy/wp-content/uploads/elementor/css/post-18680fa.css]
[localhost_8080/cramy/wp-content/plugins/elementor/assets/lib/font-awesome/webfonts/fa-regular-400.woff2]
[localhost_8080/cramy/wp-content/plugins/sellkit-pro/assets/dist/css/swatches-frontend.min4735.css]
[localhost_8080/cramy/wp-content/plugins/elementor/assets/lib/font-awesome/webfonts/fa-regular-400.woff]
[localhost_8080/cramy/wp-content/uploads/elementor/css/post-1457a40.css]
[localhost_8080/cramy/wp-content/plugins/elementor/assets/lib/font-awesome/webfonts/fa-regular-400.ttf]
[localhost_8080/cramy/wp-content/uploads/elementor/css/post-17280fa.css]
[localhost_8080/cramy/wp-content/plugins/elementor/assets/lib/font-awesome/css/fontawesome.min52d5.css]
[localhost_8080/cramy/wp-content/plugins/elementor/assets/lib/font-awesome/webfonts/fa-solid-900.eot]
[localhost_8080/cramy/wp-content/plugins/elementor/assets/lib/font-awesome/css/regular.min52d5.css]
[localhost_8080/cramy/wp-content/plugins/elementor/assets/lib/font-awesome/webfonts/fa-solid-900d41d.eot]
[localhost_8080/cramy/wp-content/plugins/elementor/assets/lib/font-awesome/webfonts/fa-solid-900.woff2]
[localhost_8080/cramy/wp-content/plugins/elementor/assets/lib/font-awesome/webfonts/fa-solid-900.woff]
[localhost_8080/cramy/wp-content/plugins/elementor/assets/lib/font-awesome/css/solid.min52d5.css]
[localhost_8080/cramy/wp-content/plugins/elementor/assets/lib/font-awesome/css/brands.min52d5.css]
[localhost_8080/cramy/wp-content/plugins/elementor/assets/lib/font-awesome/webfonts/fa-solid-900.ttf]
[localhost_8080/cramy/wp-content/plugins/elementor/assets/css/widget-icon-list.min.css]
[localhost_8080/cramy/wp-content/themes/jupiterx/lib/assets/fonts/jupiterx.eot]
[localhost_8080/cramy/wp-content/themes/jupiterx/lib/assets/fonts/jupiterxd41d.eot]
[localhost_8080/cramy/wp-content/themes/jupiterx/lib/assets/fonts/jupiterx.woff2]
[localhost_8080/cramy/wp-content/themes/jupiterx/lib/assets/fonts/jupiterx.woff]
[localhost_8080/cramy/wp-content/themes/jupiterx/lib/assets/fonts/jupiterx.ttf]
[localhost_8080/cramy/about/index.html]
[localhost_8080/cramy/wp-content/uploads/2020/04/newsletter-bg-01.png]
[localhost_8080/cramy/wp-json/wp/v2/pages/120.json]
[localhost_8080/cramy/wp-json/oembed/1.0/embeda3d2.json]
[localhost_8080/cramy/wp-content/uploads/2023/11/6b9664d2-2589-4193-bae8-84cfb52918a6d-768x576.jpg]
[localhost_8080/cramy/packages/index.html]
[localhost_8080/cramy/wp-content/uploads/2020/04/about-bg-01.jpg]
[localhost_8080/cramy/wp-content/uploads/2023/11/Mysterious-Are-you-Ready-Animated-Instagram-Post-1.mp4]
[localhost_8080/cramy/wp-content/uploads/2023/11/bc78ba88-888a-4371-84e3-3caf781ef196d.jpg]
[localhost_8080/cramy/wp-content/uploads/2023/11/1b9c23e8-79aa-4537-95bc-f9b89ec75c44d.jpg]
[localhost_8080/cramy/wp-content/uploads/2023/11/63c5e713-3965-4ec4-948f-43be58dd5579d.jpg]
[localhost_8080/cramy/wp-content/uploads/2023/11/1aaa741f-8d07-4d83-bc6e-8c564142c048d.jpg]
[localhost_8080/cramy/wp-content/uploads/2023/11/cced2ba9-e135-443d-b7dd-48afa7cb4282ي.jpg]
[localhost_8080/cramy/wp-content/uploads/2023/12/b048f52d-4788-404f-ab34-2437bf6f5537d.jpg]
[localhost_8080/cramy/wp-content/uploads/2023/12/8086372d-43c7-4c46-8ccd-318a76616d24d.jpg]
[localhost_8080/cramy/wp-json/oembed/1.0/embed54f8]
[localhost_8080/cramy/wp-content/uploads/2023/12/572fd515-9d94-4198-9d74-3804df229e15d.jpg]
[localhost_8080/cramy/wp-content/uploads/2023/11/3595bfec-ef3c-4655-b78f-4179c3e48fa3ي.jpg]
[localhost_8080/cramy/wp-content/uploads/2023/12/b399021c-0f03-4583-8869-5919f4710fbcd.jpg]
[localhost_8080/cramy/wp-content/uploads/2023/11/bd893ce4-6e03-4c21-8cc5-50865445eeded-1-e1700490243644.jpg]
[localhost_8080/cramy/wp-content/uploads/2023/12/6e590c7e-bdfd-4b3d-82fb-bcc9cf4bb879d.jpg]
[localhost_8080/cramy/wp-content/uploads/2023/11/bd893ce4-6e03-4c21-8cc5-50865445eeded-2.jpg]
[localhost_8080/cramy/wp-content/uploads/2023/12/cd736d86-e674-4a2a-9c5b-ba300e1a07d2d.jpg]
[localhost_8080/cramy/wp-content/uploads/2020/04/about-bg-02.jpg]
[localhost_8080/cramy/wp-content/uploads/2023/12/46363c63-f145-4a13-884a-10df8225675bd.jpg]
[localhost_8080/cramy/wp-content/uploads/2020/04/team-01.jpg]
[localhost_8080/cramy/wp-content/uploads/2023/12/6c5fafb6-5d19-4929-bc78-82d9757212a7d.jpg]
[localhost_8080/cramy/wp-content/uploads/2020/04/team-03.jpg]
[localhost_8080/cramy/wp-content/uploads/2023/12/7cc13106-cf93-464d-aa3e-23c17b133f43d.jpg]
[localhost_8080/cramy/transformations/index.html]
[localhost_8080/cramy/wp-content/uploads/2020/04/team-02.jpg]
[localhost_8080/cramy/wp-content/uploads/2020/04/team-04.jpg]
[localhost_8080/cramy/wp-content/plugins/elementor/assets/lib/e-gallery/js/e-gallery.min7359.js]
[localhost_8080/cramy/contact/index.html]
[localhost_8080/cramy/wp-content/plugins/elementor/assets/lib/jquery-numerator/jquery-numerator.min3958.js]
[localhost_8080/cramy/wp-content/plugins/jet-elements/assets/js/lib/juxtapose/juxtapose.mine7f0.js]
[localhost_8080/cramy/services.html]
[localhost_8080/cramy/wp-content/uploads/2023/12/Icon_Nutrition.svg]
[localhost_8080/cramy/wp-content/uploads/2023/12/Icon_Strength.svg]
[localhost_8080/cramy/wp-json/wp/v2/pages/128.json]
[localhost_8080/cramy/wp-content/uploads/2023/12/Icon_Weight.svg]
[localhost_8080/cramy/wp-content/uploads/2023/11/1-1024x1024.jpg]
[localhost_8080/cramy/wp-json/oembed/1.0/embedd33c.json]
[localhost_8080/cramy/wp-content/uploads/2023/11/2-1024x1024.jpg]
[localhost_8080/cramy/wp-content/uploads/2023/12/Icon_In-AppMessage_svg.svg]
[localhost_8080/cramy/wp-content/uploads/2023/11/Beige-Elegant-Pricing-Table-Instagram-Post-2-1024x1024.png]
[localhost_8080/cramy/wp-content/uploads/2023/12/Icon_CustomStrength_svg.svg]
[localhost_8080/cramy/wp-json/oembed/1.0/embed400e]
[localhost_8080/cramy/wp-content/uploads/2023/12/Icon_Cardio_svg.svg]
[localhost_8080/cramy/wp-json/wp/v2/pages/597.json]
[localhost_8080/cramy/wp-content/uploads/2023/11/8a687ac0-0e24-46da-a765-26c54696d3ebd.jpg]
[localhost_8080/cramy/wp-content/uploads/2023/12/Icon_VideoPhone_svg.svg]
[localhost_8080/cramy/wp-content/uploads/2023/11/f6467ad5-b1eb-4176-b1fb-74dacd935b6ed.jpg]
[localhost_8080/cramy/wp-content/uploads/2023/11/9acbf568-0649-4a46-9a27-e9a15b33a0f7d.jpg]
[localhost_8080/cramy/wp-json/oembed/1.0/embed51d3.json]
[localhost_8080/cramy/wp-content/uploads/2023/12/Icon_MealPlan_svg.svg]
[localhost_8080/cramy/wp-content/uploads/2023/11/IMG_20231118_213027.jpg]
[localhost_8080/cramy/wp-content/uploads/2023/12/Icon_Stretching_svg.svg]
[localhost_8080/cramy/wp-content/uploads/2023/11/IMG_20231118_213650.jpg]
[localhost_8080/cramy/wp-content/plugins/elementor/assets/css/widget-icon-box.min.css]
[localhost_8080/cramy/wp-content/uploads/2023/11/IMG_20231118_214034.jpg]
[localhost_8080/cramy/wp-json/oembed/1.0/embedc247]
[localhost_8080/cramy/wp-json/wp/v2/pages/137.json]
[localhost_8080/cramy/wp-json/oembed/1.0/embedf3a4.json]
[localhost_8080/cramy/wp-json/oembed/1.0/embedc933]
[localhost_8080/cramy/customer/riley-watts/index.html]
[localhost_8080/cramy/wp-json/wp/v2/customer/238.json]
[localhost_8080/cramy/customer/yasmin-gibson/index.html]
[localhost_8080/cramy/wp-json/oembed/1.0/embedc0fb.json]
[localhost_8080/cramy/wp-json/oembed/1.0/embed1789]
[localhost_8080/cramy/wp-json/wp/v2/customer/239.json]
[localhost_8080/cramy/customer/dexter-atkinson/index.html]
[localhost_8080/cramy/wp-json/oembed/1.0/embedba6a.json]
[localhost_8080/cramy/wp-json/oembed/1.0/embedcc03]
[localhost_8080/cramy/wp-json/wp/v2/customer/240.json]
[localhost_8080/cramy/customer/alia-ramirez/index.html]
[localhost_8080/cramy/wp-json/oembed/1.0/embed45b8.json]
[localhost_8080/cramy/wp-json/oembed/1.0/embedc87c]
[localhost_8080/cramy/wp-json/wp/v2/customer/241.json]
[localhost_8080/cramy/customer/grace-moore/index.html]
[localhost_8080/cramy/wp-json/oembed/1.0/embed79b7.json]
[localhost_8080/cramy/wp-json/oembed/1.0/embed377f]
[localhost_8080/cramy/wp-json/wp/v2/customer/242.json]
[localhost_8080/cramy/wp-json/oembed/1.0/embedd405.json]
[localhost_8080/cramy/customer/helena-carter/index.html]
[localhost_8080/cramy/wp-json/oembed/1.0/embedec6b]
[localhost_8080/cramy/wp-content/plugins/elementor/assets/lib/animations/animations.min8864.css]
[localhost_8080/cramy/wp-json/wp/v2/customer/213.json]
[localhost_8080/cramy/xmlrpc.php]
[localhost_8080/cramy/wp-content/plugins/woocommerce/assets/css/woocommerce-layout-rtl9662.css]
[localhost_8080/cramy/wp-content/plugins/woocommerce/assets/css/woocommerce-smallscreen-rtl9662.css]
[localhost_8080/cramy/wp-content/plugins/woocommerce/assets/css/woocommerce-rtl9662.css]
[localhost_8080/cramy/wp-json/oembed/1.0/embed9f2d.json]
[localhost_8080/cramy/wp-content/plugins/jet-elements/assets/css/jet-elements-rtl7752.css]
[localhost_8080/cramy/wp-content/plugins/jet-elements/assets/css/jet-elements-skin-rtl7752.css]
[localhost_8080/cramy/wp-content/plugins/elementor/assets/css/frontend-lite-rtl.min8864.css]
[localhost_8080/cramy/wp-json/oembed/1.0/embedf00c]
[localhost_8080/cramy/wp-content/plugins/jupiterx-core/includes/extensions/raven/assets/css/frontend-rtl.min1e39.css]
[localhost_8080/cramy/wp-content/plugins/elementor-pro/assets/css/frontend-lite-rtl.mine7ad.css]
[localhost_8080/cramy/wp-content/plugins/sellkit-pro/assets/dist/css/frontend-rtl.min4735.css]
[localhost_8080/cramy/wp-content/plugins/sellkit/assets/dist/css/frontend-rtl.min97e9.css]
[localhost_8080/cramy/wp-content/uploads/elementor/css/post-13674e7a.css]
[localhost_8080/cramy/wp-content/uploads/elementor/css/post-1503ca0c.css]
[localhost_8080/cramy/wp-content/uploads/elementor/css/post-1522613b.css]
[localhost_8080/cramy/wp-content/plugins/jupiterx-core/includes/extensions/raven/assets/lib/animate/animate-rtl.min55a0.html]
[localhost_8080/cramy/wp-content/uploads/jupiterx/compiler/jupiterx-elements-dynamic-styles/6ba0b0555a0.css]
[localhost_8080/cramy/wp-json/wp/v2/pages/1515.json]
[localhost_8080/cramy/wp-json/oembed/1.0/embed134b.json]
[localhost_8080/cramy/wp-json/oembed/1.0/embeda160]
[localhost_8080/cramy/ar/من-نحن/index.html]
[localhost_8080/cramy/wp-json/wp/v2/pages/1619.json]
[localhost_8080/cramy/wp-json/oembed/1.0/embed3a16.json]
[localhost_8080/cramy/wp-json/oembed/1.0/embed3206]
[localhost_8080/cramy/ar/باقات/index.html]
[localhost_8080/cramy/wp-json/wp/v2/pages/1629.json]
[localhost_8080/cramy/wp-json/oembed/1.0/embed3c02.json]
[localhost_8080/cramy/wp-json/oembed/1.0/embede6d8]
[localhost_8080/cramy/ar/التحولات/index.html]
[localhost_8080/cramy/wp-json/wp/v2/pages/1646.json]
[localhost_8080/cramy/wp-json/oembed/1.0/embed1716.json]
[localhost_8080/cramy/wp-json/oembed/1.0/embed7725]
[localhost_8080/cramy/ar/تواصل-معنا/index.html]
[localhost_8080/cramy/ar/الصفحة-الرئيسية/services.html]
[localhost_8080/cramy/wp-content/plugins/woocommerce/assets/fonts/star.svg]
[localhost_8080/cramy/wp-content/plugins/woocommerce/assets/fonts/WooCommerce.svg]
[localhost_8080/cramy/wp-content/plugins/woocommerce/assets/images/icons/loader.svg]
[localhost_8080/cramy/wp-content/plugins/woocommerce/assets/images/icons/credit-cards/visa.svg]
[localhost_8080/cramy/wp-content/plugins/woocommerce/assets/images/icons/credit-cards/mastercard.svg]
[localhost_8080/cramy/wp-content/plugins/woocommerce/assets/images/icons/credit-cards/laser.svg]
[localhost_8080/cramy/wp-content/plugins/woocommerce/assets/images/icons/credit-cards/diners.svg]
[localhost_8080/cramy/wp-content/plugins/woocommerce/assets/images/icons/credit-cards/maestro.svg]
[localhost_8080/cramy/wp-content/plugins/woocommerce/assets/images/icons/credit-cards/jcb.svg]
[localhost_8080/cramy/wp-content/plugins/woocommerce/assets/images/icons/credit-cards/amex.svg]
[localhost_8080/cramy/wp-content/plugins/woocommerce/assets/images/icons/credit-cards/discover.svg]
[localhost_8080/cramy/wp-content/plugins/elementor/assets/lib/eicons/fonts/eicons9506.svg]
[localhost_8080/cramy/wp-content/plugins/elementor/assets/lib/font-awesome/fonts/fontawesome-webfont3e6e.svg]
[localhost_8080/cramy/wp-content/plugins/jupiterx-core/includes/extensions/raven/assets/lib/video-mejs/svg/jumpforward.svg]
[localhost_8080/cramy/wp-content/plugins/jupiterx-core/includes/extensions/raven/assets/lib/video-mejs/svg/skipback.svg]
[localhost_8080/cramy/wp-content/uploads/2023/11/3f48edaf-b96f-4117-8d03-88376c812bdcÙ-768x1024.html]
[localhost_8080/cramy/wp-content/uploads/2023/12/0fa1af76-23dc-4fa5-9191-12f63285eacdÙ.html]
[localhost_8080/cramy/wp-content/plugins/elementor/assets/lib/font-awesome/webfonts/fa-brands-400.svg]
[localhost_8080/cramy/wp-content/plugins/elementor/assets/lib/font-awesome/webfonts/fa-regular-400.svg]
[localhost_8080/cramy/wp-content/plugins/elementor/assets/lib/font-awesome/webfonts/fa-solid-900.svg]
[localhost_8080/cramy/wp-content/themes/jupiterx/lib/assets/fonts/jupiterx.svg]
[localhost_8080/cramy/wp-content/uploads/2023/12/page-title-bar-bg-01d.png]
[localhost_8080/cramy/wp-content/uploads/elementor/css/post-12051dc.css]
[localhost_8080/cramy/wp-content/uploads/2023/12/e54f55d2e8d.jpg]
[localhost_8080/cramy/index2c90.html]
[localhost_8080/cramy/about/contact]
[localhost_8080/cramy/wp-content/uploads/2023/11/add02ef048d.jpg]
[localhost_8080/cramy/wp-content/uploads/2023/11/a787912883d.jpg]
[localhost_8080/cramy/wp-content/uploads/2020/04/home-bg-07.png]
[localhost_8080/cramy/wp-content/plugins/elementor/assets/lib/e-gallery/css/e-gallery.min7359.css]
[localhost_8080/cramy/wp-content/uploads/2023/11/a0225df7bdd.jpg]
[localhost_8080/cramy/wp-content/plugins/jet-elements/assets/css/lib/juxtapose/juxtapose.mine7f0.css]
[localhost_8080/cramy/wp-content/uploads/elementor/css/post-128cade.css]
[localhost_8080/cramy/index913e.html]
[localhost_8080/cramy/packages/contact]
[localhost_8080/cramy/wp-content/uploads/elementor/css/post-597d2c3.css]
[localhost_8080/cramy/index53ba.html]
[localhost_8080/cramy/transformations/contact]
[localhost_8080/cramy/wp-content/uploads/elementor/css/post-13780fa.css]
[localhost_8080/cramy/index60d6.html]
[localhost_8080/cramy/contact/contact]
[localhost_8080/cramy/wp-content/uploads/elementor/css/post-238b0d7.css]
[localhost_8080/cramy/index3dc6.html]
[localhost_8080/cramy/customer/riley-watts/contact]
[localhost_8080/cramy/wp-content/uploads/elementor/css/post-253a228.css]
[localhost_8080/cramy/wp-content/uploads/elementor/css/post-2395030.css]
[localhost_8080/cramy/index1639.html]
[localhost_8080/cramy/customer/yasmin-gibson/contact]
[localhost_8080/cramy/wp-content/uploads/elementor/css/post-240f040.css]
[localhost_8080/cramy/indexcfe0.html]
[localhost_8080/cramy/customer/dexter-atkinson/contact]
[localhost_8080/cramy/wp-content/uploads/elementor/css/post-241c290.css]
[localhost_8080/cramy/index03e1.html]
[localhost_8080/cramy/customer/alia-ramirez/contact]
[localhost_8080/cramy/wp-content/uploads/elementor/css/post-24276b9.css]
[localhost_8080/cramy/indexa8b8.html]
[localhost_8080/cramy/customer/grace-moore/contact]
[localhost_8080/cramy/wp-content/uploads/elementor/css/post-213b8ea.css]
[localhost_8080/cramy/indexf3dd.html]
[localhost_8080/cramy/customer/helena-carter/contact]
[localhost_8080/cramy/wp-content/uploads/elementor/css/post-151577d3.css]
[localhost_8080/cramy/index5002.html]
[localhost_8080/cramy/wp-content/uploads/elementor/css/post-16192efb.css]
[localhost_8080/cramy/index7bb4.html]
[localhost_8080/cramy/wp-content/uploads/2023/11/5db94048c7d.jpg]
[localhost_8080/cramy/wp-content/uploads/2020/04/page-title-bar-bg-01.png]
[localhost_8080/cramy/wp-json/wp/v2/pages/1633.json]
[localhost_8080/cramy/wp-json/oembed/1.0/embed9b4a.json]
[localhost_8080/cramy/wp-json/oembed/1.0/embed8338]
[localhost_8080/cramy/transformationss/index.html]
[localhost_8080/cramy/wp-content/uploads/elementor/css/post-1629763e.css]
[localhost_8080/cramy/indexd010.html]
[localhost_8080/cramy/wp-content/uploads/elementor/css/post-1646ca0c.css]
[localhost_8080/cramy/index2648.html]
[localhost_8080/cramy/wp-content/uploads/elementor/css/post-16331e80.css]
[localhost_8080/cramy/index208d.html]
[jupiterx.artbees.net/nutrition-coach/wp-content/uploads/sites/406/2020/04/about-us-before-after-01.jpg]
[jupiterx.artbees.net/nutrition-coach/wp-content/uploads/sites/406/2020/04/about-us-before-after-02.jpg]
