[backblue.gif]
[fade.gif]
[index.html]
[localhost_8080/cramy/feed/index.html]
[localhost_8080/cramy/comments/feed/index.html]
[localhost_8080/cramy/wp-includes/js/jquery/jquery.minf43b.js]
[localhost_8080/cramy/wp-includes/js/jquery/jquery-migrate.min5589.js]
[localhost_8080/cramy/wp-content/plugins/woocommerce/assets/js/jquery-blockui/jquery.blockUI.mine58f.js]
[localhost_8080/cramy/wp-content/plugins/woocommerce/assets/js/frontend/add-to-cart.min9662.js]
[localhost_8080/cramy/wp-content/plugins/woocommerce/assets/js/js-cookie/js.cookie.min1e55.js]
[localhost_8080/cramy/wp-content/plugins/woocommerce/assets/js/frontend/woocommerce.min9662.js]
[localhost_8080/cramy/wp-content/themes/jupiterx/lib/admin/assets/lib/webfont/webfont.min8a33.js]
[localhost_8080/cramy/wp-content/themes/jupiterx/lib/assets/dist/js/utils.min55a0.js]
[localhost_8080/cramy/wp-content/plugins/elementor/assets/lib/font-awesome/js/v4-shims.min8864.js]
[localhost_8080/cramy/wp-json/wp/v2/pages/8.json]
[localhost_8080/cramy/wp-json/index.html]
[localhost_8080/cramy/xmlrpc0db0.php]
[localhost_8080/cramy/wp-json/oembed/1.0/embed1b90.json]
[localhost_8080/cramy/wp-json/oembed/1.0/embed764c]
[localhost_8080/cramy/wp-content/themes/jupiterx/lib/favicon.ico]
[localhost_8080/cramy/wp-content/uploads/2023/11/3f48edaf-b96f-4117-8d03-88376c812bdcي-1-768x1024.jpg]
[localhost_8080/cramy/wp-content/uploads/2023/11/328c72753bd-300x200.jpg]
[localhost_8080/cramy/wp-content/uploads/2023/11/71b4319f3f-768x474.jpg]
[localhost_8080/cramy/wp-content/uploads/2023/11/bd893ce4-6e03-4c21-8cc5-50865445eeded-e1700490132254.jpg]
[localhost_8080/cramy/wp-content/uploads/2023/11/d65923d8-dc94-4bb5-a6b1-f484009ad254d-e1700490069507.jpg]
[localhost_8080/cramy/wp-content/uploads/2023/11/9acbf568-0649-4a46-9a27-e9a15b33a0f7d.jpg]
[localhost_8080/cramy/wp-content/uploads/2023/11/f6467ad5-b1eb-4176-b1fb-74dacd935b6ed.jpg]
[localhost_8080/cramy/wp-content/uploads/2023/11/8a687ac0-0e24-46da-a765-26c54696d3ebd.jpg]
[localhost_8080/cramy/wp-content/uploads/2023/11/eda4acb405d.jpg]
[localhost_8080/cramy/wp-content/uploads/2023/11/cc211cf035d.jpg]
[localhost_8080/cramy/wp-content/uploads/2023/11/429cc8312fd.jpg]
[localhost_8080/cramy/wp-content/uploads/2020/04/customers-02.jpg]
[localhost_8080/cramy/wp-content/uploads/2020/04/customers-06.jpg]
[localhost_8080/cramy/wp-content/uploads/2020/04/customers-08.jpg]
[localhost_8080/cramy/wp-content/uploads/2020/04/customers-04.jpg]
[localhost_8080/cramy/wp-content/uploads/2020/04/customers-05.jpg]
[localhost_8080/cramy/wp-content/uploads/2020/04/customers-01.jpg]
[jupiterx.artbees.net/nutrition-coach/wp-content/uploads/sites/406/2020/04/testimonial-avatar-01.jpg]
[jupiterx.artbees.net/nutrition-coach/wp-content/uploads/sites/406/2020/04/team-04.jpg]
[jupiterx.artbees.net/nutrition-coach/wp-content/uploads/sites/406/2020/04/team-03.jpg]
[localhost_8080/cramy/wp-content/uploads/2020/04/home-bg-11.jpg]
[localhost_8080/cramy/wp-content/uploads/2020/04/blog-feature-01-1024x449.jpg]
[localhost_8080/cramy/wp-content/uploads/2020/04/blog-feature-02-1024x449.jpg]
[localhost_8080/cramy/wp-content/plugins/elementor/assets/images/placeholder.png]
[localhost_8080/cramy/wp-content/themes/jupiterx-child/assets/js/scriptaec2.js]
[localhost_8080/cramy/wp-includes/js/underscore.mind584.js]
[localhost_8080/cramy/wp-includes/js/wp-util.minaec2.js]
[localhost_8080/cramy/wp-content/plugins/sellkit-pro/assets/dist/js/frontend-init.min4735.js]
[localhost_8080/cramy/wp-content/plugins/jupiterx-core/includes/woocommerce/wc-quick-view55a0.js]
[localhost_8080/cramy/wp-content/themes/jupiterx/lib/assets/dist/js/frontend.min55a0.js]
[localhost_8080/cramy/wp-content/plugins/sellkit-pro/assets/dist/js/swatches-frontend.min4735.js]
[localhost_8080/cramy/wp-content/plugins/jupiterx-core/includes/extensions/raven/assets/lib/smartmenus/jquery.smartmenus.minf488.js]
[localhost_8080/cramy/wp-content/plugins/jupiterx-core/includes/extensions/raven/assets/lib/url-polyfill/url-polyfill.min5a2c.js]
[localhost_8080/cramy/wp-content/plugins/jupiterx-core/includes/extensions/raven/assets/lib/parallax-scroll/jquery.parallax-scroll.min8a54.js]
[localhost_8080/cramy/wp-includes/js/imagesloaded.minbb93.js]
[localhost_8080/cramy/wp-content/plugins/jet-engine/assets/lib/slick/slick.minc245.js]
[localhost_8080/cramy/wp-content/plugins/jet-engine/assets/lib/jet-plugins/jet-pluginsf488.js]
[localhost_8080/cramy/wp-content/plugins/jet-engine/assets/js/frontendc169.js]
[localhost_8080/cramy/wp-content/plugins/jet-elements/assets/js/lib/slick/slick.minc245.js]
[localhost_8080/cramy/wp-content/plugins/jupiterx-core/includes/extensions/raven/assets/lib/enquire/enquire.min431f.js]
[localhost_8080/cramy/wp-content/plugins/jupiterx-core/includes/extensions/raven/assets/lib/savvior/savvior.mina307.js]
[localhost_8080/cramy/wp-content/plugins/jupiterx-core/includes/extensions/raven/assets/lib/object-fit/object-fit.mine1fc.js]
[localhost_8080/cramy/wp-content/plugins/elementor-pro/assets/js/webpack-pro.runtime.mine7ad.js]
[localhost_8080/cramy/wp-content/plugins/elementor/assets/js/webpack.runtime.min8864.js]
[localhost_8080/cramy/wp-content/plugins/elementor/assets/js/frontend-modules.min8864.js]
[localhost_8080/cramy/wp-includes/js/dist/vendor/wp-polyfill-inert.min0226.js]
[localhost_8080/cramy/wp-includes/js/dist/vendor/regenerator-runtime.min6c85.js]
[localhost_8080/cramy/wp-includes/js/dist/vendor/wp-polyfill.min2c7c.js]
[localhost_8080/cramy/wp-includes/js/dist/hooks.min2ebd.js]
[localhost_8080/cramy/wp-includes/js/dist/i18n.minf92f.js]
[localhost_8080/cramy/wp-content/plugins/elementor-pro/assets/js/frontend.mine7ad.js]
[localhost_8080/cramy/wp-content/plugins/elementor/assets/lib/waypoints/waypoints.min05da.js]
[localhost_8080/cramy/wp-includes/js/jquery/ui/core.min3f14.js]
[localhost_8080/cramy/wp-content/plugins/elementor/assets/js/frontend.min8864.js]
[localhost_8080/cramy/wp-content/plugins/elementor-pro/assets/js/elements-handlers.mine7ad.js]
[localhost_8080/cramy/wp-content/plugins/jet-elements/assets/js/jet-elements.min7752.js]
[localhost_8080/cramy/wp-content/plugins/jupiterx-core/includes/extensions/raven/assets/js/frontend.minaec2.js]
[localhost_8080/cramy/wp-content/plugins/woocommerce/assets/js/frontend/country-select.min9662.js]
[localhost_8080/cramy/wp-content/plugins/woocommerce/assets/js/frontend/address-i18n.min9662.js]
[localhost_8080/cramy/wp-content/plugins/woocommerce/assets/js/frontend/checkout.min9662.js]
[localhost_8080/cramy/wp-content/plugins/sellkit-pro/assets/dist/js/elementor-init.min4735.js]
[localhost_8080/cramy/wp-content/plugins/sellkit/assets/dist/js/elementor-init.min97e9.js]
[localhost_8080/cramy/wp-content/plugins/elementor/assets/lib/flatpickr/flatpickr.mineda1.js]
[localhost_8080/cramy/index.html]
[localhost_8080/cramy/wp-content/themes/jupiterx-child/assets/css/styleaec2.css]
[localhost_8080/cramy/wp-content/plugins/jet-engine/assets/css/frontendc169.css]
[localhost_8080/cramy/wp-content/plugins/woocommerce/assets/css/woocommerce-layout9662.css]
[localhost_8080/cramy/wp-content/plugins/woocommerce/assets/css/woocommerce-smallscreen9662.css]
[localhost_8080/cramy/wp-content/plugins/woocommerce/assets/fonts/star.eot]
[localhost_8080/cramy/wp-content/plugins/woocommerce/assets/fonts/stard41d.eot]
[localhost_8080/cramy/wp-content/plugins/woocommerce/assets/fonts/star.woff]
[localhost_8080/cramy/wp-content/plugins/woocommerce/assets/fonts/star.ttf]
[localhost_8080/cramy/wp-content/plugins/woocommerce/assets/fonts/WooCommerce.eot]
[localhost_8080/cramy/wp-content/plugins/woocommerce/assets/fonts/WooCommerce.woff]
[localhost_8080/cramy/wp-content/plugins/woocommerce/assets/fonts/WooCommerced41d.eot]
[localhost_8080/cramy/wp-content/plugins/woocommerce/assets/fonts/WooCommerce.ttf]
[localhost_8080/cramy/wp-content/plugins/woocommerce/assets/css/woocommerce9662.css]
[localhost_8080/cramy/wp-content/plugins/jupiterx-core/includes/extensions/raven/assets/lib/animate/animate.min55a0.css]
[localhost_8080/cramy/wp-content/themes/jupiterx/lib/assets/fonts/jupiterx.eot]
[localhost_8080/cramy/wp-content/themes/jupiterx/lib/assets/fonts/jupiterx.woff2]
[localhost_8080/cramy/wp-content/themes/jupiterx/lib/assets/fonts/jupiterx.woff]
[localhost_8080/cramy/wp-content/themes/jupiterx/lib/assets/fonts/jupiterxd41d.eot]
[localhost_8080/cramy/wp-content/themes/jupiterx/lib/assets/fonts/jupiterx.ttf]
[localhost_8080/cramy/wp-content/uploads/jupiterx/compiler/jupiterx/f743c0155a0.css]
[localhost_8080/cramy/wp-content/uploads/jupiterx/compiler/jupiterx-elements-dynamic-styles/a78699d55a0.css]
[localhost_8080/cramy/wp-content/plugins/jet-elements/assets/images/dummy-map.png]
[localhost_8080/cramy/wp-content/plugins/jet-elements/assets/css/jet-elements7752.css]
[localhost_8080/cramy/wp-content/plugins/jet-elements/assets/css/jet-elements-skin7752.css]
[localhost_8080/cramy/wp-content/plugins/elementor/assets/lib/eicons/fonts/eicons9506.eot]
[localhost_8080/cramy/wp-content/plugins/elementor/assets/lib/eicons/fonts/eicons9506.woff2]
[localhost_8080/cramy/wp-content/plugins/elementor/assets/lib/eicons/fonts/eicons9506.woff]
[localhost_8080/cramy/wp-content/plugins/elementor/assets/lib/eicons/fonts/eicons9506.ttf]
[localhost_8080/cramy/wp-content/plugins/elementor/assets/lib/eicons/css/elementor-icons.min192d.css]
[localhost_8080/cramy/wp-content/plugins/elementor/assets/css/frontend-lite.min8864.css]
[localhost_8080/cramy/wp-content/plugins/elementor/assets/lib/swiper/v8/css/swiper.min94a4.css]
[localhost_8080/cramy/wp-content/plugins/elementor/assets/lib/font-awesome/fonts/fontawesome-webfont3e6e.eot]
[localhost_8080/cramy/wp-content/plugins/elementor/assets/lib/font-awesome/fonts/fontawesome-webfontd41d.eot]
[localhost_8080/cramy/wp-content/plugins/elementor/assets/lib/font-awesome/fonts/fontawesome-webfont3e6e.woff2]
[localhost_8080/cramy/wp-content/plugins/elementor/assets/lib/font-awesome/fonts/fontawesome-webfont3e6e.woff]
[localhost_8080/cramy/wp-content/plugins/elementor/assets/lib/font-awesome/fonts/fontawesome-webfont3e6e.ttf]
[localhost_8080/cramy/wp-content/plugins/elementor/assets/lib/font-awesome/css/font-awesome.min1849.css]
[localhost_8080/cramy/wp-content/plugins/jupiterx-core/includes/extensions/raven/assets/img/iti-tel-input/flags.png]
[localhost_8080/cramy/wp-content/plugins/jupiterx-core/includes/extensions/raven/assets/img/iti-tel-input/flags@2x.png]
[localhost_8080/cramy/wp-content/plugins/jupiterx-core/includes/extensions/raven/assets/css/frontend.minaec2.css]
[localhost_8080/cramy/wp-content/uploads/elementor/css/post-32e84.css]
[localhost_8080/cramy/wp-content/plugins/elementor-pro/assets/css/frontend-lite.mine7ad.css]
[localhost_8080/cramy/wp-content/plugins/sellkit-pro/assets/dist/css/frontend.min4735.css]
[localhost_8080/cramy/wp-content/plugins/sellkit/assets/dist/css/frontend.min97e9.css]
[localhost_8080/cramy/wp-content/plugins/elementor/assets/lib/flatpickr/flatpickr.mineda1.css]
[localhost_8080/cramy/wp-content/uploads/2020/04/home-bg-02.png]
[localhost_8080/cramy/wp-content/uploads/2020/04/home-bg-03.png]
[localhost_8080/cramy/wp-content/uploads/2020/04/home-bg-07.png]
[localhost_8080/cramy/wp-content/uploads/2020/04/home-bg-08.png]
[localhost_8080/cramy/wp-content/uploads/2020/04/home-bg-10.png]
[localhost_8080/cramy/wp-content/uploads/2020/04/home-bg-09.png]
[localhost_8080/cramy/wp-content/uploads/2020/04/transparent-2.png]
[localhost_8080/cramy/wp-content/uploads/elementor/css/post-8a8d3.css]
[localhost_8080/cramy/wp-content/uploads/elementor/css/post-2568dc1.css]
[localhost_8080/cramy/wp-content/plugins/elementor/assets/lib/font-awesome/webfonts/fa-brands-400.eot]
[localhost_8080/cramy/wp-content/plugins/elementor/assets/lib/font-awesome/webfonts/fa-brands-400.woff2]
[localhost_8080/cramy/wp-content/plugins/elementor/assets/lib/font-awesome/webfonts/fa-brands-400d41d.eot]
[localhost_8080/cramy/wp-content/plugins/elementor/assets/lib/font-awesome/webfonts/fa-brands-400.woff]
[localhost_8080/cramy/wp-content/plugins/elementor/assets/lib/font-awesome/webfonts/fa-brands-400.ttf]
[localhost_8080/cramy/wp-content/plugins/elementor/assets/lib/font-awesome/webfonts/fa-regular-400.eot]
[localhost_8080/cramy/wp-content/plugins/elementor/assets/lib/font-awesome/webfonts/fa-regular-400.woff2]
[localhost_8080/cramy/wp-content/plugins/elementor/assets/lib/font-awesome/webfonts/fa-regular-400d41d.eot]
[localhost_8080/cramy/wp-content/plugins/elementor/assets/lib/font-awesome/webfonts/fa-regular-400.woff]
[localhost_8080/cramy/wp-content/plugins/elementor/assets/lib/font-awesome/webfonts/fa-regular-400.ttf]
[localhost_8080/cramy/wp-content/plugins/elementor/assets/lib/font-awesome/webfonts/fa-solid-900.eot]
[localhost_8080/cramy/wp-content/plugins/elementor/assets/lib/font-awesome/webfonts/fa-solid-900.woff2]
[localhost_8080/cramy/wp-content/plugins/elementor/assets/lib/font-awesome/webfonts/fa-solid-900.woff]
[localhost_8080/cramy/wp-content/plugins/elementor/assets/lib/font-awesome/webfonts/fa-solid-900d41d.eot]
[localhost_8080/cramy/wp-content/plugins/elementor/assets/lib/font-awesome/webfonts/fa-solid-900.ttf]
[localhost_8080/cramy/wp-content/plugins/elementor/assets/lib/font-awesome/css/all.min8864.css]
[localhost_8080/cramy/wp-content/plugins/elementor/assets/lib/font-awesome/css/v4-shims.min8864.css]
[localhost_8080/cramy/wp-content/uploads/2020/04/newsletter-bg-01.png]
[localhost_8080/cramy/wp-content/uploads/elementor/css/post-186f15d.css]
[localhost_8080/cramy/wp-content/plugins/sellkit-pro/assets/dist/css/swatches-frontend.min4735.css]
[localhost_8080/cramy/wp-content/uploads/elementor/css/post-145d718.css]
[localhost_8080/cramy/wp-content/uploads/elementor/css/post-172d718.css]
[localhost_8080/cramy/wp-content/plugins/elementor/assets/lib/font-awesome/css/fontawesome.min52d5.css]
[localhost_8080/cramy/wp-content/plugins/elementor/assets/lib/font-awesome/css/solid.min52d5.css]
[localhost_8080/cramy/wp-content/plugins/elementor/assets/lib/font-awesome/css/brands.min52d5.css]
[localhost_8080/cramy/wp-content/plugins/elementor/assets/css/widget-icon-list.min.css]
[localhost_8080/cramy/wp-json/wp/v2/pages/120.json]
[localhost_8080/cramy/wp-json/oembed/1.0/embeda3d2.json]
[localhost_8080/cramy/wp-json/oembed/1.0/embed54f8]
[localhost_8080/cramy/wp-content/uploads/2023/11/6b9664d2-2589-4193-bae8-84cfb52918a6d-768x576.jpg]
[localhost_8080/cramy/wp-content/uploads/2020/04/about-bg-01.jpg]
[localhost_8080/cramy/wp-content/uploads/2023/11/Mysterious-Are-you-Ready-Animated-Instagram-Post-1.mp4]
[localhost_8080/cramy/wp-content/uploads/2023/11/bc78ba88-888a-4371-84e3-3caf781ef196d.jpg]
[localhost_8080/cramy/wp-content/uploads/2023/11/63c5e713-3965-4ec4-948f-43be58dd5579d.jpg]
[localhost_8080/cramy/wp-content/uploads/2023/11/1b9c23e8-79aa-4537-95bc-f9b89ec75c44d.jpg]
[localhost_8080/cramy/wp-content/uploads/2023/11/1aaa741f-8d07-4d83-bc6e-8c564142c048d.jpg]
[localhost_8080/cramy/wp-content/uploads/2023/11/cced2ba9-e135-443d-b7dd-48afa7cb4282ي.jpg]
[localhost_8080/cramy/wp-content/uploads/2023/11/3595bfec-ef3c-4655-b78f-4179c3e48fa3ي.jpg]
[localhost_8080/cramy/wp-content/uploads/2023/11/bd893ce4-6e03-4c21-8cc5-50865445eeded-1-e1700490243644.jpg]
[localhost_8080/cramy/wp-content/uploads/2023/11/bd893ce4-6e03-4c21-8cc5-50865445eeded-2.jpg]
[localhost_8080/cramy/wp-content/uploads/2020/04/about-bg-02.jpg]
[localhost_8080/cramy/wp-content/uploads/2020/04/team-01.jpg]
[localhost_8080/cramy/wp-content/uploads/2020/04/team-03.jpg]
[localhost_8080/cramy/wp-content/uploads/2020/04/team-02.jpg]
[localhost_8080/cramy/wp-content/uploads/2020/04/team-04.jpg]
[localhost_8080/cramy/wp-content/plugins/elementor/assets/lib/e-gallery/js/e-gallery.min7359.js]
[localhost_8080/cramy/wp-content/plugins/elementor/assets/lib/jquery-numerator/jquery-numerator.min3958.js]
[localhost_8080/cramy/wp-content/plugins/jet-elements/assets/js/lib/juxtapose/juxtapose.mine7f0.js]
[localhost_8080/cramy/about/index.html]
[localhost_8080/cramy/wp-json/wp/v2/pages/128.json]
[localhost_8080/cramy/wp-json/oembed/1.0/embedd33c.json]
[localhost_8080/cramy/wp-json/oembed/1.0/embed400e]
[localhost_8080/cramy/wp-content/uploads/2023/11/1-1024x1024.jpg]
[localhost_8080/cramy/wp-content/uploads/2023/11/2-1024x1024.jpg]
[localhost_8080/cramy/wp-content/uploads/2023/11/Beige-Elegant-Pricing-Table-Instagram-Post-2-1024x1024.png]
[localhost_8080/cramy/packages/index.html]
[localhost_8080/cramy/wp-json/wp/v2/pages/597.json]
[localhost_8080/cramy/wp-json/oembed/1.0/embed51d3.json]
[localhost_8080/cramy/wp-json/oembed/1.0/embedc247]
[localhost_8080/cramy/wp-content/uploads/2023/11/IMG_20231118_213027.jpg]
[localhost_8080/cramy/wp-content/uploads/2023/11/IMG_20231118_213650.jpg]
[localhost_8080/cramy/wp-content/uploads/2023/11/IMG_20231118_214034.jpg]
[localhost_8080/cramy/transformations/index.html]
[localhost_8080/cramy/wp-json/wp/v2/pages/272.json]
[localhost_8080/cramy/wp-json/oembed/1.0/embed3abe.json]
[localhost_8080/cramy/wp-json/oembed/1.0/embed9400]
[localhost_8080/cramy/packages/diabates-nutrition/index.html]
[localhost_8080/cramy/wp-content/uploads/elementor/thumbs/blog-feature-09-qfj8btid99msexpgk23n06idvka8oc26pfzlipp2q0.jpg]
[localhost_8080/cramy/wp-json/wp/v2/pages/270.json]
[localhost_8080/cramy/wp-json/oembed/1.0/embedffeb.json]
[localhost_8080/cramy/wp-json/oembed/1.0/embede634]
[localhost_8080/cramy/packages/workout-routines/index.html]
[localhost_8080/cramy/wp-json/wp/v2/pages/137.json]
[localhost_8080/cramy/wp-json/oembed/1.0/embedf3a4.json]
[localhost_8080/cramy/wp-json/oembed/1.0/embedc933]
[localhost_8080/cramy/contact/index.html]
[localhost_8080/cramy/services.html]
[localhost_8080/cramy/wp-content/plugins/elementor/assets/css/widget-icon-box.min.css]
[localhost_8080/cramy/wp-json/wp/v2/customer/238.json]
[localhost_8080/cramy/wp-json/oembed/1.0/embedc0fb.json]
[localhost_8080/cramy/wp-json/oembed/1.0/embed1789]
[jupiterx.artbees.net/nutrition-coach/wp-content/uploads/sites/406/2020/04/about-us-before-after-01.jpg]
[jupiterx.artbees.net/nutrition-coach/wp-content/uploads/sites/406/2020/04/about-us-before-after-02.jpg]
[localhost_8080/cramy/customer/riley-watts/index.html]
[localhost_8080/cramy/wp-json/wp/v2/customer/239.json]
[localhost_8080/cramy/wp-json/oembed/1.0/embedba6a.json]
[localhost_8080/cramy/wp-json/oembed/1.0/embedcc03]
[localhost_8080/cramy/customer/yasmin-gibson/index.html]
[localhost_8080/cramy/wp-json/wp/v2/customer/240.json]
[localhost_8080/cramy/wp-json/oembed/1.0/embed45b8.json]
[localhost_8080/cramy/wp-json/oembed/1.0/embedc87c]
[localhost_8080/cramy/customer/dexter-atkinson/index.html]
[localhost_8080/cramy/wp-json/wp/v2/customer/241.json]
[localhost_8080/cramy/wp-json/oembed/1.0/embed79b7.json]
[localhost_8080/cramy/wp-json/oembed/1.0/embed377f]
[localhost_8080/cramy/customer/alia-ramirez/index.html]
[localhost_8080/cramy/wp-json/wp/v2/customer/242.json]
[localhost_8080/cramy/wp-json/oembed/1.0/embedd405.json]
[localhost_8080/cramy/wp-json/oembed/1.0/embedec6b]
[localhost_8080/cramy/customer/grace-moore/index.html]
[localhost_8080/cramy/wp-json/wp/v2/customer/213.json]
[localhost_8080/cramy/wp-json/oembed/1.0/embed9f2d.json]
[localhost_8080/cramy/wp-json/oembed/1.0/embedf00c]
[localhost_8080/cramy/customer/helena-carter/index.html]
[localhost_8080/cramy/2020/04/18/half-hacks-for-a-healthy-holiday-8/feed/index.html]
[localhost_8080/cramy/wp-json/wp/v2/posts/102.json]
[localhost_8080/cramy/wp-json/oembed/1.0/embed4258.json]
[localhost_8080/cramy/wp-json/oembed/1.0/embed4f33]
[localhost_8080/cramy/wp-content/uploads/2020/04/blog-feature-01.jpg]
[localhost_8080/cramy/wp-content/uploads/2020/04/blog-single-bg-01.jpg]
[localhost_8080/cramy/wp-content/uploads/2020/04/blog-single-bg-02.jpg]
[localhost_8080/cramy/wp-content/uploads/2020/04/blog-feature-04-1024x449.jpg]
[localhost_8080/cramy/wp-content/uploads/2020/04/blog-feature-03-1024x449.jpg]
[localhost_8080/cramy/wp-includes/js/comment-reply.minaec2.js]
[localhost_8080/cramy/2020/04/18/half-hacks-for-a-healthy-holiday-8/index.html]
[localhost_8080/cramy/wp-content/uploads/2020/04/blog-feature-02.jpg]
[localhost_8080/cramy/wp-content/uploads/2020/04/blog-feature-04.jpg]
[localhost_8080/cramy/wp-content/uploads/2020/04/blog-feature-03.jpg]
[localhost_8080/cramy/wp-content/uploads/2020/04/blog-feature-05.jpg]
[localhost_8080/cramy/wp-content/uploads/2020/04/blog-feature-06.jpg]
[localhost_8080/cramy/wp-content/uploads/2020/04/blog-feature-07.jpg]
[localhost_8080/cramy/wp-content/uploads/2020/04/blog-feature-10.jpg]
[localhost_8080/cramy/2020/04/index.html]
[localhost_8080/cramy/2020/04/18/half-hacks-for-a-healthy-holiday-7/feed/index.html]
[localhost_8080/cramy/wp-json/wp/v2/posts/104.json]
[localhost_8080/cramy/wp-json/oembed/1.0/embedf957.json]
[localhost_8080/cramy/wp-json/oembed/1.0/embedf3dc]
[localhost_8080/cramy/2020/04/18/half-hacks-for-a-healthy-holiday-7/index.html]
[localhost_8080/cramy/wp-content/plugins/elementor/assets/lib/animations/animations.min8864.css]
[localhost_8080/cramy/wp-includes/fonts/dashicons7d4b.eot]
[localhost_8080/cramy/wp-includes/fonts/dashicons7d4b.ttf]
[localhost_8080/cramy/wp-includes/css/dashicons.minaec2.css]
[localhost_8080/cramy/wp-content/plugins/woocommerce/assets/fonts/star.svg]
[localhost_8080/cramy/wp-content/plugins/woocommerce/assets/fonts/WooCommerce.svg]
[localhost_8080/cramy/wp-content/plugins/woocommerce/assets/images/icons/loader.svg]
[localhost_8080/cramy/wp-content/plugins/woocommerce/assets/images/icons/credit-cards/visa.svg]
[localhost_8080/cramy/wp-content/plugins/woocommerce/assets/images/icons/credit-cards/mastercard.svg]
[localhost_8080/cramy/wp-content/plugins/woocommerce/assets/images/icons/credit-cards/laser.svg]
[localhost_8080/cramy/wp-content/plugins/woocommerce/assets/images/icons/credit-cards/diners.svg]
[localhost_8080/cramy/wp-content/plugins/woocommerce/assets/images/icons/credit-cards/maestro.svg]
[localhost_8080/cramy/wp-content/plugins/woocommerce/assets/images/icons/credit-cards/jcb.svg]
[localhost_8080/cramy/wp-content/plugins/woocommerce/assets/images/icons/credit-cards/amex.svg]
[localhost_8080/cramy/wp-content/plugins/woocommerce/assets/images/icons/credit-cards/discover.svg]
[localhost_8080/cramy/wp-content/themes/jupiterx/lib/assets/fonts/jupiterx.svg]
[localhost_8080/cramy/wp-content/plugins/elementor/assets/lib/eicons/fonts/eicons9506.svg]
[localhost_8080/cramy/wp-content/plugins/elementor/assets/lib/font-awesome/fonts/fontawesome-webfont3e6e.svg]
[localhost_8080/cramy/wp-content/plugins/jupiterx-core/includes/extensions/raven/assets/lib/video-mejs/svg/jumpforward.svg]
[localhost_8080/cramy/wp-content/plugins/jupiterx-core/includes/extensions/raven/assets/lib/video-mejs/svg/skipback.svg]
[localhost_8080/cramy/wp-content/uploads/2023/11/3f48edaf-b96f-4117-8d03-88376c812bdcÙ-768x1024.html]
[localhost_8080/cramy/wp-content/plugins/elementor/assets/lib/font-awesome/webfonts/fa-brands-400.svg]
[localhost_8080/cramy/wp-content/plugins/elementor/assets/lib/font-awesome/webfonts/fa-regular-400.svg]
[localhost_8080/cramy/wp-content/plugins/elementor/assets/lib/font-awesome/webfonts/fa-solid-900.svg]
[localhost_8080/cramy/wp-content/uploads/2020/04/page-title-bar-bg-01.png]
[localhost_8080/cramy/wp-content/uploads/2023/11/add02ef048d.jpg]
[localhost_8080/cramy/wp-content/uploads/2023/11/a787912883d.jpg]
[localhost_8080/cramy/wp-content/uploads/2023/11/a0225df7bdd.jpg]
[localhost_8080/cramy/wp-content/uploads/elementor/css/post-120b850.css]
[localhost_8080/cramy/index2c90.html]
[localhost_8080/cramy/wp-content/plugins/elementor/assets/lib/e-gallery/css/e-gallery.min7359.css]
[localhost_8080/cramy/wp-content/plugins/jet-elements/assets/css/lib/juxtapose/juxtapose.mine7f0.css]
[localhost_8080/cramy/wp-content/uploads/elementor/css/post-1289efd.css]
[localhost_8080/cramy/index913e.html]
[localhost_8080/cramy/wp-content/uploads/2023/11/5db94048c7d.jpg]
[localhost_8080/cramy/wp-content/uploads/elementor/css/post-597ca50.css]
[localhost_8080/cramy/index53ba.html]
[localhost_8080/cramy/wp-content/uploads/elementor/css/post-272a39d.css]
[localhost_8080/cramy/indexcde3.html]
[localhost_8080/cramy/wp-content/uploads/elementor/css/post-270faf0.css]
[localhost_8080/cramy/index5295.html]
[localhost_8080/cramy/wp-content/uploads/elementor/css/post-137faf0.css]
[localhost_8080/cramy/index60d6.html]
[localhost_8080/cramy/wp-content/uploads/elementor/css/post-238f076.css]
[localhost_8080/cramy/index3dc6.html]
[localhost_8080/cramy/wp-content/uploads/elementor/css/post-253b2c0.css]
[localhost_8080/cramy/wp-content/uploads/elementor/css/post-2398eee.css]
[localhost_8080/cramy/index1639.html]
[localhost_8080/cramy/wp-content/uploads/elementor/css/post-2403a56.css]
[localhost_8080/cramy/indexcfe0.html]
[localhost_8080/cramy/wp-content/uploads/elementor/css/post-2413f21.css]
[localhost_8080/cramy/index03e1.html]
[localhost_8080/cramy/wp-content/uploads/elementor/css/post-2423f64.css]
[localhost_8080/cramy/indexa8b8.html]
[localhost_8080/cramy/wp-content/uploads/elementor/css/post-2138ef0.css]
[localhost_8080/cramy/indexf3dd.html]
[localhost_8080/cramy/wp-content/uploads/elementor/css/post-102a7c1.css]
[localhost_8080/cramy/indexc5eb.html]
[localhost_8080/cramy/xmlrpc.php]
[localhost_8080/cramy/author/cramy/feed/index.html]
[localhost_8080/cramy/wp-json/wp/v2/users/1.json]
[localhost_8080/cramy/wp-content/uploads/2023/11/bd893ce4-6e03-4c21-8cc5-50865445eeded-2-776x1024.jpg]
[localhost_8080/cramy/author/cramy/index.html]
[localhost_8080/cramy/2020/04/18/index.html]
[localhost_8080/cramy/wp-json/wp/v2/categories/3.json]
[localhost_8080/cramy/category/design/feed/index.html]
[localhost_8080/cramy/category/design/index.html]
[localhost_8080/cramy/wp-json/wp/v2/tags/4.json]
[localhost_8080/cramy/tag/branding/feed/index.html]
[localhost_8080/cramy/tag/branding/index.html]
[localhost_8080/cramy/wp-json/wp/v2/tags/5.json]
[localhost_8080/cramy/tag/business/feed/index.html]
[localhost_8080/cramy/tag/business/index.html]
[localhost_8080/cramy/wp-json/wp/v2/tags/6.json]
[localhost_8080/cramy/tag/photography/feed/index.html]
[localhost_8080/cramy/tag/photography/index.html]
[localhost_8080/cramy/wp-json/wp/v2/posts/103.json]
[localhost_8080/cramy/2020/04/18/half-hacks-for-a-healthy-holiday-6/feed/index.html]
[localhost_8080/cramy/wp-json/oembed/1.0/embedeab9.json]
[localhost_8080/cramy/wp-json/oembed/1.0/embedc745]
[localhost_8080/cramy/2020/04/18/half-hacks-for-a-healthy-holiday-6/index.html]
[localhost_8080/cramy/2020/04/18/half-hacks-for-a-healthy-holiday-5/feed/index.html]
[localhost_8080/cramy/wp-json/wp/v2/posts/105.json]
[localhost_8080/cramy/wp-json/oembed/1.0/embed0260.json]
[localhost_8080/cramy/wp-json/oembed/1.0/embedcae3]
[localhost_8080/cramy/2020/04/18/half-hacks-for-a-healthy-holiday-5/index.html]
[localhost_8080/cramy/2020/04/18/half-hacks-for-a-healthy-holiday-8/index3094.html]
[localhost_8080/cramy/2020/04/18/half-hacks-for-a-healthy-holiday-8/index21b4.html]
[localhost_8080/cramy/wp-content/uploads/elementor/css/post-2205641.css]
[localhost_8080/cramy/2020/04/18/half-hacks-for-a-healthy-holiday-4/feed/index.html]
[localhost_8080/cramy/wp-json/wp/v2/posts/106.json]
[localhost_8080/cramy/wp-json/oembed/1.0/embedb1fd.json]
[localhost_8080/cramy/wp-json/oembed/1.0/embed7866]
[localhost_8080/cramy/2020/04/18/half-hacks-for-a-healthy-holiday-4/index.html]
[localhost_8080/cramy/2020/04/18/half-hacks-for-a-healthy-holiday-3/feed/index.html]
[localhost_8080/cramy/wp-json/wp/v2/posts/107.json]
[localhost_8080/cramy/wp-json/oembed/1.0/embed9658.json]
[localhost_8080/cramy/wp-json/oembed/1.0/embed56ad]
[localhost_8080/cramy/2020/04/18/half-hacks-for-a-healthy-holiday-3/index.html]
[localhost_8080/cramy/2020/04/18/half-hacks-for-a-healthy-holiday-2/feed/index.html]
[localhost_8080/cramy/wp-json/wp/v2/posts/108.json]
[localhost_8080/cramy/wp-json/oembed/1.0/embedac63.json]
[localhost_8080/cramy/wp-json/oembed/1.0/embedf81e]
[localhost_8080/cramy/2020/04/18/half-hacks-for-a-healthy-holiday-2/index.html]
[localhost_8080/cramy/2020/04/18/half-hacks-for-a-healthy-holiday/feed/index.html]
[localhost_8080/cramy/wp-json/wp/v2/posts/87.json]
[localhost_8080/cramy/wp-json/oembed/1.0/embed51ec.json]
[localhost_8080/cramy/wp-json/oembed/1.0/embedbaf7]
[localhost_8080/cramy/2020/04/18/half-hacks-for-a-healthy-holiday/index.html]
[localhost_8080/cramy/wp-content/uploads/elementor/css/post-104a7c1.css]
[localhost_8080/cramy/index9430.html]
[localhost_8080/cramy/2020/04/18/half-hacks-for-a-healthy-holiday-7/index6a51.html]
[localhost_8080/cramy/2020/04/18/half-hacks-for-a-healthy-holiday-7/index0843.html]
[localhost_8080/cramy/wp-content/uploads/2023/11/3f48edaf-b96f-4117-8d03-88376c812bdcÙ.html]
[localhost_8080/cramy/wp-includes/css/dist/block-library/style.minaec2.css]
[localhost_8080/cramy/2020/04/18/contact/index.html]
[localhost_8080/cramy/category/design/contact.html]
[localhost_8080/cramy/wp-content/uploads/elementor/css/post-103a7c1.css]
[localhost_8080/cramy/indexe6f0.html]
[localhost_8080/cramy/2020/04/18/half-hacks-for-a-healthy-holiday-6/indexb147.html]
[localhost_8080/cramy/2020/04/18/half-hacks-for-a-healthy-holiday-6/indexaf49.html]
[localhost_8080/cramy/wp-content/uploads/elementor/css/post-105a7c1.css]
[localhost_8080/cramy/indexea0f.html]
[localhost_8080/cramy/2020/04/18/half-hacks-for-a-healthy-holiday-5/index3518.html]
[localhost_8080/cramy/2020/04/18/half-hacks-for-a-healthy-holiday-5/index8009.html]
[localhost_8080/cramy/wp-content/uploads/elementor/css/post-106a7c1.css]
[localhost_8080/cramy/index153d.html]
[localhost_8080/cramy/2020/04/18/half-hacks-for-a-healthy-holiday-4/index6fab.html]
[localhost_8080/cramy/2020/04/18/half-hacks-for-a-healthy-holiday-4/index3b10.html]
[localhost_8080/cramy/wp-content/uploads/elementor/css/post-107fcf6.css]
[localhost_8080/cramy/index5a24.html]
[localhost_8080/cramy/2020/04/18/half-hacks-for-a-healthy-holiday-3/index3e91.html]
[localhost_8080/cramy/2020/04/18/half-hacks-for-a-healthy-holiday-3/index4d29.html]
[localhost_8080/cramy/wp-content/uploads/elementor/css/post-108fcf6.css]
[localhost_8080/cramy/index460d.html]
[localhost_8080/cramy/2020/04/18/half-hacks-for-a-healthy-holiday-2/index6c56.html]
[localhost_8080/cramy/2020/04/18/half-hacks-for-a-healthy-holiday-2/index3721.html]
[localhost_8080/cramy/wp-content/uploads/elementor/css/post-87fcf6.css]
[localhost_8080/cramy/index5d38.html]
[localhost_8080/cramy/2020/04/18/half-hacks-for-a-healthy-holiday/index6809.html]
[localhost_8080/cramy/2020/04/18/half-hacks-for-a-healthy-holiday/index0e22.html]
